com.javachess.server.WebSocketControllerTests.joinRoom=[
  "{\"status\":\"READY\",\"game\":{\"id\":1,\"player1\":{\"id\":\"1\",\"color\":\"WHITE\"},\"player2\":{\"id\":\"2\",\"color\":\"BLACK\"},\"activePlayer\":{\"id\":\"1\",\"color\":\"WHITE\"},\"pieces\":[{\"x\":\"e\",\"y\":\"1\",\"color\":\"WHITE\",\"type\":\"KING\"},{\"x\":\"e\",\"y\":\"8\",\"color\":\"BLACK\",\"type\":\"KING\"},{\"x\":\"d\",\"y\":\"1\",\"color\":\"WHITE\",\"type\":\"QUEEN\"},{\"x\":\"d\",\"y\":\"8\",\"color\":\"BLACK\",\"type\":\"QUEEN\"},{\"x\":\"b\",\"y\":\"1\",\"color\":\"WHITE\",\"type\":\"KNIGHT\"},{\"x\":\"g\",\"y\":\"1\",\"color\":\"WHITE\",\"type\":\"KNIGHT\"},{\"x\":\"b\",\"y\":\"8\",\"color\":\"BLACK\",\"type\":\"KNIGHT\"},{\"x\":\"g\",\"y\":\"8\",\"color\":\"BLACK\",\"type\":\"KNIGHT\"},{\"x\":\"c\",\"y\":\"1\",\"color\":\"WHITE\",\"type\":\"BISHOP\"},{\"x\":\"f\",\"y\":\"1\",\"color\":\"WHITE\",\"type\":\"BISHOP\"},{\"x\":\"c\",\"y\":\"8\",\"color\":\"BLACK\",\"type\":\"BISHOP\"},{\"x\":\"f\",\"y\":\"8\",\"color\":\"BLACK\",\"type\":\"BISHOP\"},{\"x\":\"a\",\"y\":\"1\",\"color\":\"WHITE\",\"type\":\"ROOK\"},{\"x\":\"h\",\"y\":\"1\",\"color\":\"WHITE\",\"type\":\"ROOK\"},{\"x\":\"a\",\"y\":\"8\",\"color\":\"BLACK\",\"type\":\"ROOK\"},{\"x\":\"h\",\"y\":\"8\",\"color\":\"BLACK\",\"type\":\"ROOK\"},{\"x\":\"a\",\"y\":\"2\",\"color\":\"WHITE\",\"type\":\"PAWN\"},{\"x\":\"b\",\"y\":\"2\",\"color\":\"WHITE\",\"type\":\"PAWN\"},{\"x\":\"c\",\"y\":\"2\",\"color\":\"WHITE\",\"type\":\"PAWN\"},{\"x\":\"d\",\"y\":\"2\",\"color\":\"WHITE\",\"type\":\"PAWN\"},{\"x\":\"e\",\"y\":\"2\",\"color\":\"WHITE\",\"type\":\"PAWN\"},{\"x\":\"f\",\"y\":\"2\",\"color\":\"WHITE\",\"type\":\"PAWN\"},{\"x\":\"g\",\"y\":\"2\",\"color\":\"WHITE\",\"type\":\"PAWN\"},{\"x\":\"h\",\"y\":\"2\",\"color\":\"WHITE\",\"type\":\"PAWN\"},{\"x\":\"a\",\"y\":\"7\",\"color\":\"BLACK\",\"type\":\"PAWN\"},{\"x\":\"b\",\"y\":\"7\",\"color\":\"BLACK\",\"type\":\"PAWN\"},{\"x\":\"c\",\"y\":\"7\",\"color\":\"BLACK\",\"type\":\"PAWN\"},{\"x\":\"d\",\"y\":\"7\",\"color\":\"BLACK\",\"type\":\"PAWN\"},{\"x\":\"e\",\"y\":\"7\",\"color\":\"BLACK\",\"type\":\"PAWN\"},{\"x\":\"f\",\"y\":\"7\",\"color\":\"BLACK\",\"type\":\"PAWN\"},{\"x\":\"g\",\"y\":\"7\",\"color\":\"BLACK\",\"type\":\"PAWN\"},{\"x\":\"h\",\"y\":\"7\",\"color\":\"BLACK\",\"type\":\"PAWN\"}]},\"error\":false}"
]


com.javachess.server.WebSocketControllerTests.performMove=[
  "{\"status\":\"UPDATE\",\"game\":{\"id\":1,\"player1\":{\"id\":\"1\",\"color\":\"WHITE\"},\"player2\":{\"id\":\"2\",\"color\":\"BLACK\"},\"activePlayer\":{\"id\":\"2\",\"color\":\"BLACK\"},\"pieces\":[{\"x\":\"e\",\"y\":\"1\",\"color\":\"WHITE\",\"type\":\"KING\"},{\"x\":\"e\",\"y\":\"8\",\"color\":\"BLACK\",\"type\":\"KING\"},{\"x\":\"d\",\"y\":\"1\",\"color\":\"WHITE\",\"type\":\"QUEEN\"},{\"x\":\"d\",\"y\":\"8\",\"color\":\"BLACK\",\"type\":\"QUEEN\"},{\"x\":\"b\",\"y\":\"1\",\"color\":\"WHITE\",\"type\":\"KNIGHT\"},{\"x\":\"g\",\"y\":\"1\",\"color\":\"WHITE\",\"type\":\"KNIGHT\"},{\"x\":\"b\",\"y\":\"8\",\"color\":\"BLACK\",\"type\":\"KNIGHT\"},{\"x\":\"g\",\"y\":\"8\",\"color\":\"BLACK\",\"type\":\"KNIGHT\"},{\"x\":\"c\",\"y\":\"1\",\"color\":\"WHITE\",\"type\":\"BISHOP\"},{\"x\":\"f\",\"y\":\"1\",\"color\":\"WHITE\",\"type\":\"BISHOP\"},{\"x\":\"c\",\"y\":\"8\",\"color\":\"BLACK\",\"type\":\"BISHOP\"},{\"x\":\"f\",\"y\":\"8\",\"color\":\"BLACK\",\"type\":\"BISHOP\"},{\"x\":\"a\",\"y\":\"1\",\"color\":\"WHITE\",\"type\":\"ROOK\"},{\"x\":\"h\",\"y\":\"1\",\"color\":\"WHITE\",\"type\":\"ROOK\"},{\"x\":\"a\",\"y\":\"8\",\"color\":\"BLACK\",\"type\":\"ROOK\"},{\"x\":\"h\",\"y\":\"8\",\"color\":\"BLACK\",\"type\":\"ROOK\"},{\"x\":\"a\",\"y\":\"2\",\"color\":\"WHITE\",\"type\":\"PAWN\"},{\"x\":\"b\",\"y\":\"3\",\"color\":\"WHITE\",\"type\":\"PAWN\"},{\"x\":\"c\",\"y\":\"2\",\"color\":\"WHITE\",\"type\":\"PAWN\"},{\"x\":\"d\",\"y\":\"2\",\"color\":\"WHITE\",\"type\":\"PAWN\"},{\"x\":\"e\",\"y\":\"2\",\"color\":\"WHITE\",\"type\":\"PAWN\"},{\"x\":\"f\",\"y\":\"2\",\"color\":\"WHITE\",\"type\":\"PAWN\"},{\"x\":\"g\",\"y\":\"2\",\"color\":\"WHITE\",\"type\":\"PAWN\"},{\"x\":\"h\",\"y\":\"2\",\"color\":\"WHITE\",\"type\":\"PAWN\"},{\"x\":\"a\",\"y\":\"7\",\"color\":\"BLACK\",\"type\":\"PAWN\"},{\"x\":\"b\",\"y\":\"7\",\"color\":\"BLACK\",\"type\":\"PAWN\"},{\"x\":\"c\",\"y\":\"7\",\"color\":\"BLACK\",\"type\":\"PAWN\"},{\"x\":\"d\",\"y\":\"7\",\"color\":\"BLACK\",\"type\":\"PAWN\"},{\"x\":\"e\",\"y\":\"7\",\"color\":\"BLACK\",\"type\":\"PAWN\"},{\"x\":\"f\",\"y\":\"7\",\"color\":\"BLACK\",\"type\":\"PAWN\"},{\"x\":\"g\",\"y\":\"7\",\"color\":\"BLACK\",\"type\":\"PAWN\"},{\"x\":\"h\",\"y\":\"7\",\"color\":\"BLACK\",\"type\":\"PAWN\"}]},\"error\":false}"
]


com.javachess.server.WebSocketControllerTests.performMoveNotAllowed=[
  "{\"status\":\"UPDATE\",\"game\":{\"id\":1,\"player1\":{\"id\":\"1\",\"color\":\"WHITE\"},\"player2\":{\"id\":\"2\",\"color\":\"BLACK\"},\"activePlayer\":{\"id\":\"1\",\"color\":\"WHITE\"},\"pieces\":[{\"x\":\"e\",\"y\":\"1\",\"color\":\"WHITE\",\"type\":\"KING\"},{\"x\":\"e\",\"y\":\"8\",\"color\":\"BLACK\",\"type\":\"KING\"},{\"x\":\"d\",\"y\":\"1\",\"color\":\"WHITE\",\"type\":\"QUEEN\"},{\"x\":\"d\",\"y\":\"8\",\"color\":\"BLACK\",\"type\":\"QUEEN\"},{\"x\":\"b\",\"y\":\"1\",\"color\":\"WHITE\",\"type\":\"KNIGHT\"},{\"x\":\"g\",\"y\":\"1\",\"color\":\"WHITE\",\"type\":\"KNIGHT\"},{\"x\":\"b\",\"y\":\"8\",\"color\":\"BLACK\",\"type\":\"KNIGHT\"},{\"x\":\"g\",\"y\":\"8\",\"color\":\"BLACK\",\"type\":\"KNIGHT\"},{\"x\":\"c\",\"y\":\"1\",\"color\":\"WHITE\",\"type\":\"BISHOP\"},{\"x\":\"f\",\"y\":\"1\",\"color\":\"WHITE\",\"type\":\"BISHOP\"},{\"x\":\"c\",\"y\":\"8\",\"color\":\"BLACK\",\"type\":\"BISHOP\"},{\"x\":\"f\",\"y\":\"8\",\"color\":\"BLACK\",\"type\":\"BISHOP\"},{\"x\":\"a\",\"y\":\"1\",\"color\":\"WHITE\",\"type\":\"ROOK\"},{\"x\":\"h\",\"y\":\"1\",\"color\":\"WHITE\",\"type\":\"ROOK\"},{\"x\":\"a\",\"y\":\"8\",\"color\":\"BLACK\",\"type\":\"ROOK\"},{\"x\":\"h\",\"y\":\"8\",\"color\":\"BLACK\",\"type\":\"ROOK\"},{\"x\":\"a\",\"y\":\"2\",\"color\":\"WHITE\",\"type\":\"PAWN\"},{\"x\":\"b\",\"y\":\"2\",\"color\":\"WHITE\",\"type\":\"PAWN\"},{\"x\":\"c\",\"y\":\"2\",\"color\":\"WHITE\",\"type\":\"PAWN\"},{\"x\":\"d\",\"y\":\"2\",\"color\":\"WHITE\",\"type\":\"PAWN\"},{\"x\":\"e\",\"y\":\"2\",\"color\":\"WHITE\",\"type\":\"PAWN\"},{\"x\":\"f\",\"y\":\"2\",\"color\":\"WHITE\",\"type\":\"PAWN\"},{\"x\":\"g\",\"y\":\"2\",\"color\":\"WHITE\",\"type\":\"PAWN\"},{\"x\":\"h\",\"y\":\"2\",\"color\":\"WHITE\",\"type\":\"PAWN\"},{\"x\":\"a\",\"y\":\"7\",\"color\":\"BLACK\",\"type\":\"PAWN\"},{\"x\":\"b\",\"y\":\"7\",\"color\":\"BLACK\",\"type\":\"PAWN\"},{\"x\":\"c\",\"y\":\"7\",\"color\":\"BLACK\",\"type\":\"PAWN\"},{\"x\":\"d\",\"y\":\"7\",\"color\":\"BLACK\",\"type\":\"PAWN\"},{\"x\":\"e\",\"y\":\"7\",\"color\":\"BLACK\",\"type\":\"PAWN\"},{\"x\":\"f\",\"y\":\"7\",\"color\":\"BLACK\",\"type\":\"PAWN\"},{\"x\":\"g\",\"y\":\"7\",\"color\":\"BLACK\",\"type\":\"PAWN\"},{\"x\":\"h\",\"y\":\"7\",\"color\":\"BLACK\",\"type\":\"PAWN\"}]},\"error\":true,\"errorCode\":\"MOVE_NOT_ALLOWED\",\"errorMessage\":\"You cannot move to that position !\"}"
]


com.javachess.server.WebSocketControllerTests.performMoveNotYourTurn=[
  "{\"status\":\"UPDATE\",\"game\":{\"id\":1,\"player1\":{\"id\":\"1\",\"color\":\"WHITE\"},\"player2\":{\"id\":\"2\",\"color\":\"BLACK\"},\"activePlayer\":{\"id\":\"1\",\"color\":\"WHITE\"},\"pieces\":[{\"x\":\"e\",\"y\":\"1\",\"color\":\"WHITE\",\"type\":\"KING\"},{\"x\":\"e\",\"y\":\"8\",\"color\":\"BLACK\",\"type\":\"KING\"},{\"x\":\"d\",\"y\":\"1\",\"color\":\"WHITE\",\"type\":\"QUEEN\"},{\"x\":\"d\",\"y\":\"8\",\"color\":\"BLACK\",\"type\":\"QUEEN\"},{\"x\":\"b\",\"y\":\"1\",\"color\":\"WHITE\",\"type\":\"KNIGHT\"},{\"x\":\"g\",\"y\":\"1\",\"color\":\"WHITE\",\"type\":\"KNIGHT\"},{\"x\":\"b\",\"y\":\"8\",\"color\":\"BLACK\",\"type\":\"KNIGHT\"},{\"x\":\"g\",\"y\":\"8\",\"color\":\"BLACK\",\"type\":\"KNIGHT\"},{\"x\":\"c\",\"y\":\"1\",\"color\":\"WHITE\",\"type\":\"BISHOP\"},{\"x\":\"f\",\"y\":\"1\",\"color\":\"WHITE\",\"type\":\"BISHOP\"},{\"x\":\"c\",\"y\":\"8\",\"color\":\"BLACK\",\"type\":\"BISHOP\"},{\"x\":\"f\",\"y\":\"8\",\"color\":\"BLACK\",\"type\":\"BISHOP\"},{\"x\":\"a\",\"y\":\"1\",\"color\":\"WHITE\",\"type\":\"ROOK\"},{\"x\":\"h\",\"y\":\"1\",\"color\":\"WHITE\",\"type\":\"ROOK\"},{\"x\":\"a\",\"y\":\"8\",\"color\":\"BLACK\",\"type\":\"ROOK\"},{\"x\":\"h\",\"y\":\"8\",\"color\":\"BLACK\",\"type\":\"ROOK\"},{\"x\":\"a\",\"y\":\"2\",\"color\":\"WHITE\",\"type\":\"PAWN\"},{\"x\":\"b\",\"y\":\"2\",\"color\":\"WHITE\",\"type\":\"PAWN\"},{\"x\":\"c\",\"y\":\"2\",\"color\":\"WHITE\",\"type\":\"PAWN\"},{\"x\":\"d\",\"y\":\"2\",\"color\":\"WHITE\",\"type\":\"PAWN\"},{\"x\":\"e\",\"y\":\"2\",\"color\":\"WHITE\",\"type\":\"PAWN\"},{\"x\":\"f\",\"y\":\"2\",\"color\":\"WHITE\",\"type\":\"PAWN\"},{\"x\":\"g\",\"y\":\"2\",\"color\":\"WHITE\",\"type\":\"PAWN\"},{\"x\":\"h\",\"y\":\"2\",\"color\":\"WHITE\",\"type\":\"PAWN\"},{\"x\":\"a\",\"y\":\"7\",\"color\":\"BLACK\",\"type\":\"PAWN\"},{\"x\":\"b\",\"y\":\"7\",\"color\":\"BLACK\",\"type\":\"PAWN\"},{\"x\":\"c\",\"y\":\"7\",\"color\":\"BLACK\",\"type\":\"PAWN\"},{\"x\":\"d\",\"y\":\"7\",\"color\":\"BLACK\",\"type\":\"PAWN\"},{\"x\":\"e\",\"y\":\"7\",\"color\":\"BLACK\",\"type\":\"PAWN\"},{\"x\":\"f\",\"y\":\"7\",\"color\":\"BLACK\",\"type\":\"PAWN\"},{\"x\":\"g\",\"y\":\"7\",\"color\":\"BLACK\",\"type\":\"PAWN\"},{\"x\":\"h\",\"y\":\"7\",\"color\":\"BLACK\",\"type\":\"PAWN\"}]},\"error\":true,\"errorCode\":\"MOVE_NOT_ALLOWED\",\"errorMessage\":\"You cannot move to that position !\"}"
]


com.javachess.server.WebSocketControllerTests.performMoveShouldWorkTwice=[
  "{\"status\":\"UPDATE\",\"game\":{\"id\":1,\"player1\":{\"id\":\"1\",\"color\":\"WHITE\"},\"player2\":{\"id\":\"2\",\"color\":\"BLACK\"},\"activePlayer\":{\"id\":\"2\",\"color\":\"BLACK\"},\"pieces\":[{\"x\":\"e\",\"y\":\"1\",\"color\":\"WHITE\",\"type\":\"KING\"},{\"x\":\"e\",\"y\":\"8\",\"color\":\"BLACK\",\"type\":\"KING\"},{\"x\":\"d\",\"y\":\"1\",\"color\":\"WHITE\",\"type\":\"QUEEN\"},{\"x\":\"d\",\"y\":\"8\",\"color\":\"BLACK\",\"type\":\"QUEEN\"},{\"x\":\"b\",\"y\":\"1\",\"color\":\"WHITE\",\"type\":\"KNIGHT\"},{\"x\":\"g\",\"y\":\"1\",\"color\":\"WHITE\",\"type\":\"KNIGHT\"},{\"x\":\"b\",\"y\":\"8\",\"color\":\"BLACK\",\"type\":\"KNIGHT\"},{\"x\":\"g\",\"y\":\"8\",\"color\":\"BLACK\",\"type\":\"KNIGHT\"},{\"x\":\"c\",\"y\":\"1\",\"color\":\"WHITE\",\"type\":\"BISHOP\"},{\"x\":\"f\",\"y\":\"1\",\"color\":\"WHITE\",\"type\":\"BISHOP\"},{\"x\":\"c\",\"y\":\"8\",\"color\":\"BLACK\",\"type\":\"BISHOP\"},{\"x\":\"f\",\"y\":\"8\",\"color\":\"BLACK\",\"type\":\"BISHOP\"},{\"x\":\"a\",\"y\":\"1\",\"color\":\"WHITE\",\"type\":\"ROOK\"},{\"x\":\"h\",\"y\":\"1\",\"color\":\"WHITE\",\"type\":\"ROOK\"},{\"x\":\"a\",\"y\":\"8\",\"color\":\"BLACK\",\"type\":\"ROOK\"},{\"x\":\"h\",\"y\":\"8\",\"color\":\"BLACK\",\"type\":\"ROOK\"},{\"x\":\"a\",\"y\":\"2\",\"color\":\"WHITE\",\"type\":\"PAWN\"},{\"x\":\"b\",\"y\":\"4\",\"color\":\"WHITE\",\"type\":\"PAWN\"},{\"x\":\"c\",\"y\":\"2\",\"color\":\"WHITE\",\"type\":\"PAWN\"},{\"x\":\"d\",\"y\":\"2\",\"color\":\"WHITE\",\"type\":\"PAWN\"},{\"x\":\"e\",\"y\":\"2\",\"color\":\"WHITE\",\"type\":\"PAWN\"},{\"x\":\"f\",\"y\":\"2\",\"color\":\"WHITE\",\"type\":\"PAWN\"},{\"x\":\"g\",\"y\":\"2\",\"color\":\"WHITE\",\"type\":\"PAWN\"},{\"x\":\"h\",\"y\":\"2\",\"color\":\"WHITE\",\"type\":\"PAWN\"},{\"x\":\"a\",\"y\":\"7\",\"color\":\"BLACK\",\"type\":\"PAWN\"},{\"x\":\"b\",\"y\":\"6\",\"color\":\"BLACK\",\"type\":\"PAWN\"},{\"x\":\"c\",\"y\":\"7\",\"color\":\"BLACK\",\"type\":\"PAWN\"},{\"x\":\"d\",\"y\":\"7\",\"color\":\"BLACK\",\"type\":\"PAWN\"},{\"x\":\"e\",\"y\":\"7\",\"color\":\"BLACK\",\"type\":\"PAWN\"},{\"x\":\"f\",\"y\":\"7\",\"color\":\"BLACK\",\"type\":\"PAWN\"},{\"x\":\"g\",\"y\":\"7\",\"color\":\"BLACK\",\"type\":\"PAWN\"},{\"x\":\"h\",\"y\":\"7\",\"color\":\"BLACK\",\"type\":\"PAWN\"}]},\"error\":false}"
]


com.javachess.server.WebSocketControllerTests.selectPiece=[
  "{\"possibleMoves\":[{\"x\":\"b\",\"y\":\"3\"},{\"x\":\"b\",\"y\":\"4\"}]}"
]